.\venv\Scripts\python.exe : 2025-10-04 14:39:48,949 - __main__ - INFO - Starting OSRS item selection process
At C:\Users\AC\AppData\Local\Temp\ps-script-9b243b4a-b323-4724-beba-7e023adcdd60.ps1:77 char:1
+ .\venv\Scripts\python.exe scripts/select_items.py --mode hybrid --for ...
+ ~~~~~~~~~~~~~~~~~~~~~~~~~~~~~~~~~~~~~~~~~~~~~~~~~~~~~~~~~~~~~~~~~~~~~
    + CategoryInfo          : NotSpecified: (2025-10-04 14:3...lection process:String) [], RemoteException
    + FullyQualifiedErrorId : NativeCommandError
 
2025-10-04 14:39:48,951 - __main__ - INFO - Loaded configuration from config/items.yaml
2025-10-04 14:39:48,951 - __main__ - INFO - Analyzing item statistics over last 365 days
2025-10-04 14:39:48,977 - __main__ - INFO - Found 29 items with trading data
2025-10-04 14:39:48,990 - __main__ - INFO - Loaded 4307 items from mapping table
2025-10-04 14:39:48,994 - __main__ - INFO - ===========================================================================
=====
2025-10-04 14:39:48,994 - __main__ - INFO - SELECTION MODE: HYBRID
2025-10-04 14:39:48,994 - __main__ - INFO - Lookback period: 365 days
2025-10-04 14:39:48,994 - __main__ - INFO - Quality gates: min_days=10, min_volume=1000, min_coverage_pct=2.0%
2025-10-04 14:39:48,994 - __main__ - INFO - Ranking: top_n=10
2025-10-04 14:39:48,994 - __main__ - INFO - ===========================================================================
=====
2025-10-04 14:39:48,995 - __main__ - INFO - Items passing min_days and min_coverage_pct gates: 29
2025-10-04 14:39:48,996 - __main__ - INFO - Auto candidates passing all gates: 28
2025-10-04 14:39:48,996 - __main__ - INFO - Auto-selected top 10 items
2025-10-04 14:39:48,996 - __main__ - INFO - Final selection: 10 items (10 auto, 0 manual)
2025-10-04 14:39:48,997 - __main__ - INFO - Final selection: 10 items
2025-10-04 14:39:48,999 - __main__ - INFO - Saved 10 selected items to config/items_selected.json
2025-10-04 14:39:48,999 - __main__ - INFO - Item selection completed successfully

================================================================================
ITEM SELECTION SUMMARY
================================================================================
Mode: HYBRID
Lookback period: 365 days
Quality gates: min_days=10, min_volume=1,000, min_coverage_pct=2.0%
Ranking score: log(units+1) Î coverage_pct/100
Target: top 10 items

Total selected items: 10
  ò Auto-selected: 10
  ò Manual includes: 0

Units/day range: 3,928,977 - 64,829,305 units
Turnover range: 290,594,446 - 15,163,304,317 gp/day
Coverage range: 4.4% - 7.7%

Selected Items:
--------------------------------------------------------------------------------
Rank ID     Name                      Units/Day    Turnover/Day  Coverage   Reason      
--------------------------------------------------------------------------------
1    561    Nature rune                29,566,635 3,006,557,197      7.7% auto_selected
2    565    Blood rune                 64,829,305 15,163,304,317      6.3% auto_selected
3    453    Coal                       27,129,493 5,204,341,074      6.3% auto_selected
4    440    Iron ore                    6,450,317  840,422,552      6.3% auto_selected
5    1515   Yew logs                    5,527,391 1,214,298,710      6.3% auto_selected
6    385    Shark                       5,185,165 4,065,493,433      6.3% auto_selected
7    1513   Magic logs                  4,355,915 3,931,031,791      6.3% auto_selected
8    536    Dragon bones                3,928,977 9,598,981,933      6.3% auto_selected
9    555    Water rune                 53,340,472  290,594,446      4.4% auto_selected
10   12934  Zulrah's scales            49,544,182 10,742,830,130      4.4% auto_selected


[OK] Results saved to: config/items_selected.json
